404@390 286KB sw=390/390 clip=0
home@390 931KB sw=390/390 clip=0
city-sf@390 412KB sw=390/390 clip=0
city-deltona@390 405KB sw=390/390 clip=0
city-abilene@390 381KB sw=390/390 clip=0
city-champaign@390 340KB sw=390/390 clip=0
compare@390 292KB sw=390/390 clip=0
compare-pair@390 349KB sw=390/390 clip=0
compare-floor@390 347KB sw=390/390 clip=0
about@390 384KB sw=390/390 clip=0
what-we-measure@390 318KB sw=390/390 clip=0
about-crime@390 291KB sw=390/390 clip=0
stat-rent@390 393KB sw=390/390 clip=0
stat-prices@390 368KB sw=390/390 clip=0
stat-lean@390 349KB sw=390/390 clip=0
stat-venues@390 467KB sw=390/390 clip=0
privacy@390 291KB sw=390/390 clip=0
terms@390 293KB sw=390/390 clip=0
permalink@390 931KB sw=390/390 clip=0
404@1440 286KB sw=1440/1440 clip=0
home@1440 684KB sw=1440/1440 clip=0
city-sf@1440 412KB sw=1440/1440 clip=0
city-deltona@1440 406KB sw=1440/1440 clip=0
city-abilene@1440 358KB sw=1440/1440 clip=0
city-champaign@1440 363KB sw=1440/1440 clip=0
compare@1440 292KB sw=1440/1440 clip=0
compare-pair@1440 349KB sw=1440/1440 clip=0
compare-floor@1440 347KB sw=1440/1440 clip=0
about@1440 384KB sw=1440/1440 clip=0
what-we-measure@1440 329KB sw=1440/1440 clip=0
about-crime@1440 292KB sw=1440/1440 clip=0
stat-rent@1440 351KB sw=1440/1440 clip=0
stat-prices@1440 341KB sw=1440/1440 clip=0
stat-lean@1440 328KB sw=1440/1440 clip=0
stat-venues@1440 384KB sw=1440/1440 clip=0
privacy@1440 290KB sw=1440/1440 clip=0
terms@1440 292KB sw=1440/1440 clip=0
permalink@1440 685KB sw=1440/1440 clip=0
