404@390: small 0 tiny 0 low 0 bounds 0
home@390: small 0 tiny 0 low 3 bounds 0
city-sf@390: small 0 tiny 0 low 1 bounds 0
city-deltona@390: small 0 tiny 0 low 1 bounds 0
city-abilene@390: small 0 tiny 0 low 0 bounds 0
city-champaign@390: small 0 tiny 0 low 0 bounds 0
compare@390: small 0 tiny 0 low 0 bounds 0
compare-pair@390: small 2 tiny 0 low 0 bounds 0
compare-floor@390: small 2 tiny 0 low 0 bounds 0
about@390: small 1 tiny 0 low 0 bounds 0
what-we-measure@390: small 0 tiny 0 low 0 bounds 0
about-crime@390: small 0 tiny 0 low 0 bounds 0
stat-rent@390: small 0 tiny 0 low 0 bounds 0
stat-prices@390: small 0 tiny 0 low 0 bounds 0
stat-lean@390: small 0 tiny 0 low 0 bounds 0
stat-venues@390: small 0 tiny 0 low 0 bounds 0
privacy@390: small 0 tiny 0 low 0 bounds 0
terms@390: small 3 tiny 0 low 0 bounds 0
permalink@390: small 0 tiny 0 low 3 bounds 0
home:row-open@390: small 0 tiny 0 low 3 bounds 0
home:row-open-info@390: small 0 tiny 0 low 3 bounds 0
home:card-open@390: small 0 tiny 0 low 3 bounds 0
home:age-popover@390: small 0 tiny 0 low 3 bounds 0
home:rail-open@390: small 0 tiny 0 low 3 bounds 0
home:slider-info@390: small 0 tiny 0 low 3 bounds 0
home:find-typed@390: small 0 tiny 0 low 3 bounds 0
home:header-search@390: small 0 tiny 0 low 3 bounds 0
home:menu-open@390: small 0 tiny 0 low 3 bounds 0
home:narrowed@390: small 0 tiny 0 low 3 bounds 0
home:empty@390: small 0 tiny 0 low 0 bounds 0
home:same-sex@390: small 0 tiny 0 low 3 bounds 0
404@768: small 0 tiny 0 low 0 bounds 0
home@768: small 0 tiny 0 low 3 bounds 0
city-sf@768: small 0 tiny 0 low 1 bounds 0
city-deltona@768: small 0 tiny 0 low 1 bounds 0
city-abilene@768: small 0 tiny 0 low 0 bounds 0
city-champaign@768: small 0 tiny 0 low 0 bounds 0
compare@768: small 0 tiny 0 low 0 bounds 0
compare-pair@768: small 2 tiny 0 low 0 bounds 0
compare-floor@768: small 2 tiny 0 low 0 bounds 0
about@768: small 1 tiny 0 low 0 bounds 0
what-we-measure@768: small 0 tiny 0 low 0 bounds 0
about-crime@768: small 0 tiny 0 low 0 bounds 0
stat-rent@768: small 0 tiny 0 low 0 bounds 0
stat-prices@768: small 0 tiny 0 low 0 bounds 0
stat-lean@768: small 0 tiny 0 low 0 bounds 0
stat-venues@768: small 0 tiny 0 low 0 bounds 0
privacy@768: small 0 tiny 0 low 0 bounds 0
terms@768: small 3 tiny 0 low 0 bounds 0
permalink@768: small 0 tiny 0 low 3 bounds 0
home:row-open@768: small 0 tiny 0 low 3 bounds 0
home:row-open-info@768: small 0 tiny 0 low 3 bounds 0
home:card-open@768: small 0 tiny 0 low 3 bounds 0
home:age-popover@768: small 0 tiny 0 low 3 bounds 0
home:rail-open@768: small 0 tiny 0 low 3 bounds 0
home:slider-info@768: small 0 tiny 0 low 3 bounds 0
home:find-typed@768: small 0 tiny 0 low 3 bounds 0
home:header-search@768: small 0 tiny 0 low 3 bounds 0
home:menu-open@768: small 0 tiny 0 low 3 bounds 0
home:narrowed@768: small 0 tiny 0 low 3 bounds 0
home:empty@768: small 0 tiny 0 low 0 bounds 0
home:same-sex@768: small 0 tiny 0 low 3 bounds 0
404@1024: small 0 tiny 0 low 0 bounds 0
home@1024: small 0 tiny 0 low 3 bounds 0
city-sf@1024: small 0 tiny 0 low 1 bounds 0
city-deltona@1024: small 0 tiny 0 low 1 bounds 0
city-abilene@1024: small 0 tiny 0 low 0 bounds 0
city-champaign@1024: small 0 tiny 0 low 0 bounds 0
compare@1024: small 0 tiny 0 low 0 bounds 0
compare-pair@1024: small 2 tiny 0 low 0 bounds 0
compare-floor@1024: small 2 tiny 0 low 0 bounds 0
about@1024: small 1 tiny 0 low 0 bounds 0
what-we-measure@1024: small 0 tiny 0 low 0 bounds 0
about-crime@1024: small 0 tiny 0 low 0 bounds 0
stat-rent@1024: small 0 tiny 0 low 0 bounds 0
stat-prices@1024: small 0 tiny 0 low 0 bounds 0
stat-lean@1024: small 0 tiny 0 low 0 bounds 0
stat-venues@1024: small 0 tiny 0 low 0 bounds 0
privacy@1024: small 0 tiny 0 low 0 bounds 0
terms@1024: small 3 tiny 0 low 0 bounds 0
permalink@1024: small 0 tiny 0 low 3 bounds 0
home:row-open@1024: small 0 tiny 0 low 3 bounds 0
home:row-open-info@1024: small 0 tiny 0 low 3 bounds 0
home:card-open@1024: small 0 tiny 0 low 3 bounds 0
home:age-popover@1024: small 0 tiny 0 low 3 bounds 0
home:rail-open@1024: small 0 tiny 0 low 3 bounds 0
home:slider-info@1024: small 0 tiny 0 low 3 bounds 0
home:find-typed@1024: small 0 tiny 0 low 3 bounds 0
home:header-search@1024: small 0 tiny 0 low 3 bounds 0
home:menu-open@1024: small 0 tiny 0 low 3 bounds 0
home:narrowed@1024: small 0 tiny 0 low 3 bounds 0
home:empty@1024: small 0 tiny 0 low 0 bounds 0
home:same-sex@1024: small 0 tiny 0 low 3 bounds 0
404@1119: small 0 tiny 0 low 0 bounds 0
home@1119: small 0 tiny 0 low 3 bounds 0
city-sf@1119: small 0 tiny 0 low 1 bounds 0
city-deltona@1119: small 0 tiny 0 low 1 bounds 0
city-abilene@1119: small 0 tiny 0 low 0 bounds 0
city-champaign@1119: small 0 tiny 0 low 0 bounds 0
compare@1119: small 0 tiny 0 low 0 bounds 0
compare-pair@1119: small 2 tiny 0 low 0 bounds 0
compare-floor@1119: small 2 tiny 0 low 0 bounds 0
about@1119: small 1 tiny 0 low 0 bounds 0
what-we-measure@1119: small 0 tiny 0 low 0 bounds 0
about-crime@1119: small 0 tiny 0 low 0 bounds 0
stat-rent@1119: small 0 tiny 0 low 0 bounds 0
stat-prices@1119: small 0 tiny 0 low 0 bounds 0
stat-lean@1119: small 0 tiny 0 low 0 bounds 0
stat-venues@1119: small 0 tiny 0 low 0 bounds 0
privacy@1119: small 0 tiny 0 low 0 bounds 0
terms@1119: small 3 tiny 0 low 0 bounds 0
permalink@1119: small 0 tiny 0 low 3 bounds 0
home:row-open@1119: small 0 tiny 0 low 3 bounds 0
home:row-open-info@1119: small 0 tiny 0 low 3 bounds 0
home:card-open@1119: small 0 tiny 0 low 3 bounds 0
home:age-popover@1119: small 0 tiny 0 low 3 bounds 0
home:rail-open@1119: small 0 tiny 0 low 3 bounds 0
home:slider-info@1119: small 0 tiny 0 low 3 bounds 0
home:find-typed@1119: small 0 tiny 0 low 3 bounds 0
home:header-search@1119: small 0 tiny 0 low 3 bounds 0
home:menu-open@1119: small 0 tiny 0 low 3 bounds 0
home:narrowed@1119: small 0 tiny 0 low 3 bounds 0
home:empty@1119: small 0 tiny 0 low 0 bounds 0
home:same-sex@1119: small 0 tiny 0 low 3 bounds 0
404@1440: small - tiny 0 low 0 bounds 0
home@1440: small - tiny 0 low 3 bounds 0
city-sf@1440: small - tiny 0 low 1 bounds 0
city-deltona@1440: small - tiny 0 low 1 bounds 0
city-abilene@1440: small - tiny 0 low 0 bounds 0
city-champaign@1440: small - tiny 0 low 0 bounds 0
compare@1440: small - tiny 0 low 0 bounds 0
compare-pair@1440: small - tiny 0 low 0 bounds 0
compare-floor@1440: small - tiny 0 low 0 bounds 0
about@1440: small - tiny 0 low 0 bounds 0
what-we-measure@1440: small - tiny 0 low 0 bounds 0
about-crime@1440: small - tiny 0 low 0 bounds 0
stat-rent@1440: small - tiny 0 low 0 bounds 0
stat-prices@1440: small - tiny 0 low 0 bounds 0
stat-lean@1440: small - tiny 0 low 0 bounds 0
stat-venues@1440: small - tiny 0 low 0 bounds 0
privacy@1440: small - tiny 0 low 0 bounds 0
terms@1440: small - tiny 0 low 0 bounds 0
permalink@1440: small - tiny 0 low 3 bounds 0
home:row-open@1440: small - tiny 0 low 3 bounds 0
home:row-open-info@1440: small - tiny 0 low 3 bounds 0
home:card-open@1440: small - tiny 0 low 3 bounds 0
home:age-popover@1440: small - tiny 0 low 3 bounds 0
home:rail-open@1440: small - tiny 0 low 3 bounds 0
home:slider-info@1440: small - tiny 0 low 3 bounds 0
home:find-typed@1440: small - tiny 0 low 3 bounds 0
home:header-search@1440: small - tiny 0 low 3 bounds 0
home:menu-open@1440: small - tiny 0 low 3 bounds 0
home:narrowed@1440: small - tiny 0 low 3 bounds 0
home:empty@1440: small - tiny 0 low 0 bounds 0
home:same-sex@1440: small - tiny 0 low 3 bounds 0
