404@390 285KB sw=390/390 clip=0
home@390 2401KB sw=390/390 clip=0
city-sf@390 1104KB sw=390/390 clip=0
city-deltona@390 1010KB sw=390/390 clip=0
city-abilene@390 998KB sw=390/390 clip=0
city-champaign@390 552KB sw=390/390 clip=0
compare@390 291KB sw=390/390 clip=0
compare-pair@390 347KB sw=390/390 clip=0
compare-floor@390 345KB sw=390/390 clip=0
about@390 384KB sw=390/390 clip=0
what-we-measure@390 315KB sw=390/390 clip=0
about-crime@390 291KB sw=390/390 clip=0
stat-rent@390 766KB sw=390/390 clip=0
stat-prices@390 536KB sw=390/390 clip=0
stat-lean@390 657KB sw=390/390 clip=0
stat-venues@390 1107KB sw=390/390 clip=0
privacy@390 290KB sw=390/390 clip=0
terms@390 292KB sw=390/390 clip=0
permalink@390 2403KB sw=390/390 clip=0
404@1440 286KB sw=1440/1440 clip=0
home@1440 2401KB sw=1440/1440 clip=0
city-sf@1440 1103KB sw=1440/1440 clip=0
city-deltona@1440 1009KB sw=1440/1440 clip=0
city-abilene@1440 975KB sw=1440/1440 clip=0
city-champaign@1440 574KB sw=1440/1440 clip=0
compare@1440 291KB sw=1440/1440 clip=0
compare-pair@1440 347KB sw=1440/1440 clip=0
compare-floor@1440 345KB sw=1440/1440 clip=0
about@1440 383KB sw=1440/1440 clip=0
what-we-measure@1440 326KB sw=1440/1440 clip=0
about-crime@1440 291KB sw=1440/1440 clip=0
stat-rent@1440 766KB sw=1440/1440 clip=0
stat-prices@1440 536KB sw=1440/1440 clip=0
stat-lean@1440 657KB sw=1440/1440 clip=0
stat-venues@1440 1107KB sw=1440/1440 clip=0
privacy@1440 289KB sw=1440/1440 clip=0
terms@1440 291KB sw=1440/1440 clip=0
permalink@1440 2402KB sw=1440/1440 clip=0
