  1/518 searches (2s)
  2/518 searches (3s)
  3/518 searches (4s)
  4/518 searches (5s)
  5/518 searches (6s)
  6/518 searches (6s)
  7/518 searches (7s)
  8/518 searches (8s)
  9/518 searches (9s)
  10/518 searches (9s)
  11/518 searches (14s)
  13/518 searches (16s)
  64/518 searches (22s)
  65/518 searches (24s)
  66/518 searches (26s)
  67/518 searches (27s)
  68/518 searches (28s)
  118/518 searches (35s)
  168/518 searches (41s)
  218/518 searches (47s)
  268/518 searches (53s)
  318/518 searches (60s)
  368/518 searches (66s)
  418/518 searches (72s)
  468/518 searches (78s)
  518/518 searches (84s)
{
 "searches_scored": 516,
 "searches_skipped": 2,
 "wobble_sum": 316.209462,
 "wobble_median": 0.4705,
 "wobble_max": 2.494,
 "old_rule_min_share_personas": 0.8,
 "old_rule_min_share_all": 0.775,
 "seconds": 84.2
}
  1/518 searches (1s)
  2/518 searches (1s)
  3/518 searches (1s)
  4/518 searches (1s)
  5/518 searches (1s)
  6/518 searches (1s)
  7/518 searches (1s)
  8/518 searches (2s)
  9/518 searches (2s)
  10/518 searches (2s)
  11/518 searches (2s)
  13/518 searches (2s)
  64/518 searches (7s)
  65/518 searches (7s)
  66/518 searches (8s)
  67/518 searches (8s)
  68/518 searches (8s)
  118/518 searches (13s)
  168/518 searches (17s)
  218/518 searches (22s)
  268/518 searches (27s)
  318/518 searches (32s)
  368/518 searches (37s)
  418/518 searches (41s)
  468/518 searches (46s)
  518/518 searches (51s)
  1/518 searches (0s)
  2/518 searches (0s)
  3/518 searches (0s)
  4/518 searches (1s)
  5/518 searches (1s)
  6/518 searches (1s)
  7/518 searches (1s)
  8/518 searches (1s)
  9/518 searches (1s)
  10/518 searches (1s)
  11/518 searches (2s)
  13/518 searches (2s)
  64/518 searches (7s)
  65/518 searches (7s)
  66/518 searches (7s)
  67/518 searches (7s)
  68/518 searches (7s)
  118/518 searches (12s)
  168/518 searches (17s)
  218/518 searches (22s)
  268/518 searches (27s)
  318/518 searches (31s)
  368/518 searches (36s)
  418/518 searches (41s)
  468/518 searches (46s)
  518/518 searches (50s)
{
 "reference_build": "f20cb02c3af8",
 "identity": {
  "ratio": 1.0,
  "pass": true,
  "searches_touched": 0,
  "reads_exactly_1": true,
  "control_passes": true
 },
 "enlarged_noise": {
  "scale": 1.5,
  "ratio": 1.509778,
  "pass": false,
  "searches_touched": 516,
  "control_passes": true
 },
 "both_controls_pass": true
}
