home-card-open-1440
home-same-sex-1440
home-sheet-summary-1440 (skipped)
home-new-top-three-1440
city-san-francisco-1440
city-deltona-1440
city-champaign-1440
city-virginia-beach-1440
compare-austin-denver-1440
compare-austin-abilene-1440
stat-rent-1440
city-los-angeles-1440
home-card-open-390
home-same-sex-390
home-sheet-summary-390
home-new-top-three-390
city-san-francisco-390
city-deltona-390
city-champaign-390
city-virginia-beach-390
compare-austin-denver-390
compare-austin-abilene-390
stat-rent-390
city-los-angeles-390
