404@320 311KB sw=320/320 clip=0
home@320 2425KB sw=320/320 clip=0
city-sf@320 1130KB sw=320/320 clip=0
city-deltona@320 1035KB sw=320/320 clip=0
city-abilene@320 1001KB sw=320/320 clip=0
city-champaign@320 555KB sw=320/320 clip=0
compare@320 316KB sw=320/320 clip=0
compare-pair@320 373KB sw=320/320 clip=0
compare-floor@320 372KB sw=320/320 clip=0
about@320 409KB sw=320/320 clip=0
what-we-measure@320 318KB sw=320/320 clip=0
about-crime@320 316KB sw=320/320 clip=0
stat-rent@320 793KB sw=320/320 clip=0
stat-prices@320 562KB sw=320/320 clip=0
stat-lean@320 682KB sw=320/320 clip=0
stat-venues@320 1133KB sw=320/320 clip=0
privacy@320 316KB sw=320/320 clip=0
terms@320 317KB sw=320/320 clip=0
permalink@320 2425KB sw=320/320 clip=0
404@768 313KB sw=768/768 clip=0
home@768 2426KB sw=768/768 clip=0
city-sf@768 1130KB sw=768/768 clip=0
city-deltona@768 1035KB sw=768/768 clip=0
city-abilene@768 1034KB sw=768/768 clip=0
city-champaign@768 590KB sw=768/768 clip=0
compare@768 317KB sw=768/768 clip=0
compare-pair@768 373KB sw=768/768 clip=0
compare-floor@768 371KB sw=768/768 clip=0
about@768 409KB sw=768/768 clip=0
what-we-measure@768 364KB sw=768/768 clip=0
about-crime@768 316KB sw=768/768 clip=0
stat-rent@768 792KB sw=768/768 clip=0
stat-prices@768 567KB sw=768/768 clip=0
stat-lean@768 685KB sw=768/768 clip=0
stat-venues@768 1134KB sw=768/768 clip=0
privacy@768 315KB sw=768/768 clip=0
terms@768 317KB sw=768/768 clip=0
permalink@768 2425KB sw=768/768 clip=0
404@1024 311KB sw=1024/1024 clip=0
home@1024 2425KB sw=1024/1024 clip=0
city-sf@1024 1130KB sw=1024/1024 clip=0
city-deltona@1024 1035KB sw=1024/1024 clip=0
city-abilene@1024 1000KB sw=1024/1024 clip=0
city-champaign@1024 555KB sw=1024/1024 clip=0
compare@1024 317KB sw=1024/1024 clip=0
compare-pair@1024 373KB sw=1024/1024 clip=0
compare-floor@1024 371KB sw=1024/1024 clip=0
about@1024 409KB sw=1024/1024 clip=0
what-we-measure@1024 341KB sw=1024/1024 clip=0
about-crime@1024 316KB sw=1024/1024 clip=0
stat-rent@1024 792KB sw=1024/1024 clip=0
stat-prices@1024 562KB sw=1024/1024 clip=0
stat-lean@1024 682KB sw=1024/1024 clip=0
stat-venues@1024 1133KB sw=1024/1024 clip=0
privacy@1024 316KB sw=1024/1024 clip=0
terms@1024 317KB sw=1024/1024 clip=0
permalink@1024 2426KB sw=1024/1024 clip=0
404@1119 311KB sw=1119/1119 clip=0
home@1119 2425KB sw=1119/1119 clip=0
city-sf@1119 1130KB sw=1119/1119 clip=0
city-deltona@1119 1035KB sw=1119/1119 clip=0
city-abilene@1119 1001KB sw=1119/1119 clip=0
city-champaign@1119 600KB sw=1119/1119 clip=0
compare@1119 316KB sw=1119/1119 clip=0
compare-pair@1119 373KB sw=1119/1119 clip=0
compare-floor@1119 372KB sw=1119/1119 clip=0
about@1119 409KB sw=1119/1119 clip=0
what-we-measure@1119 342KB sw=1119/1119 clip=0
about-crime@1119 316KB sw=1119/1119 clip=0
stat-rent@1119 793KB sw=1119/1119 clip=0
stat-prices@1119 563KB sw=1119/1119 clip=0
stat-lean@1119 684KB sw=1119/1119 clip=0
stat-venues@1119 1133KB sw=1119/1119 clip=0
privacy@1119 316KB sw=1119/1119 clip=0
terms@1119 317KB sw=1119/1119 clip=0
permalink@1119 2427KB sw=1119/1119 clip=0
404@1120 311KB sw=1120/1120 clip=0
home@1120 2426KB sw=1120/1120 clip=0
city-sf@1120 1129KB sw=1120/1120 clip=0
city-deltona@1120 1035KB sw=1120/1120 clip=0
city-abilene@1120 1001KB sw=1120/1120 clip=0
city-champaign@1120 600KB sw=1120/1120 clip=0
compare@1120 317KB sw=1120/1120 clip=0
compare-pair@1120 373KB sw=1120/1120 clip=0
compare-floor@1120 371KB sw=1120/1120 clip=0
about@1120 410KB sw=1120/1120 clip=0
what-we-measure@1120 341KB sw=1120/1120 clip=0
about-crime@1120 316KB sw=1120/1120 clip=0
stat-rent@1120 793KB sw=1120/1120 clip=0
stat-prices@1120 563KB sw=1120/1120 clip=0
stat-lean@1120 683KB sw=1120/1120 clip=0
stat-venues@1120 1133KB sw=1120/1120 clip=0
privacy@1120 316KB sw=1120/1120 clip=0
terms@1120 317KB sw=1120/1120 clip=0
permalink@1120 2428KB sw=1120/1120 clip=0
404@1280 311KB sw=1280/1280 clip=0
home@1280 2425KB sw=1280/1280 clip=0
city-sf@1280 1130KB sw=1280/1280 clip=0
city-deltona@1280 1035KB sw=1280/1280 clip=0
city-abilene@1280 1000KB sw=1280/1280 clip=0
city-champaign@1280 555KB sw=1280/1280 clip=0
compare@1280 317KB sw=1280/1280 clip=0
compare-pair@1280 373KB sw=1280/1280 clip=0
compare-floor@1280 371KB sw=1280/1280 clip=0
about@1280 409KB sw=1280/1280 clip=0
what-we-measure@1280 341KB sw=1280/1280 clip=0
about-crime@1280 316KB sw=1280/1280 clip=0
stat-rent@1280 792KB sw=1280/1280 clip=0
stat-prices@1280 562KB sw=1280/1280 clip=0
stat-lean@1280 682KB sw=1280/1280 clip=0
stat-venues@1280 1133KB sw=1280/1280 clip=0
privacy@1280 315KB sw=1280/1280 clip=0
terms@1280 318KB sw=1280/1280 clip=0
permalink@1280 2426KB sw=1280/1280 clip=0
